// Jest Snapshot v1, https://goo.gl/fbAQLP

exports[`matches snapshot 1`] = `
<div
  className="MuiBox-root MuiBox-root-9"
  data-testid="sign-in-password"
>
  <form
    className="MuiBox-root MuiBox-root-10"
    onSubmit={[Function]}
  >
    <div
      className="MuiGrid-root MuiGrid-container MuiGrid-spacing-xs-7 MuiGrid-justify-content-xs-center"
    >
      <div
        className="MuiGrid-root MuiGrid-item MuiGrid-grid-lg-12"
      >
        <h4
          className="MuiTypography-root MuiTypography-h4 MuiTypography-colorError MuiTypography-alignCenter"
        >
          FUNDO
        </h4>
      </div>
      <div
        className="MuiGrid-root MuiGrid-item MuiGrid-grid-lg-12"
        style={
          Object {
            "paddingBottom": 0,
            "paddingLeft": "105px",
            "paddingRight": "105px",
            "paddingTop": 0,
          }
        }
      >
        <h4
          className="MuiTypography-root MuiTypography-h4 MuiTypography-alignCenter"
        >
          Welcome
        </h4>
        <br />
        <div
          className="MuiButtonBase-root MuiChip-root MuiChip-outlined MuiChip-clickable"
          onBlur={[Function]}
          onDragLeave={[Function]}
          onFocus={[Function]}
          onKeyDown={[Function]}
          onKeyUp={[Function]}
          onMouseDown={[Function]}
          onMouseLeave={[Function]}
          onMouseUp={[Function]}
          onTouchEnd={[Function]}
          onTouchMove={[Function]}
          onTouchStart={[Function]}
          role="button"
          style={
            Object {
              "fontSize": "1.3rem",
              "height": "35px",
              "width": "214px",
            }
          }
          tabIndex={0}
        >
          <svg
            aria-hidden={true}
            className="MuiSvgIcon-root MuiSvgIcon-fontSizeMedium MuiChip-icon css-1q13jnw-MuiSvgIcon-root"
            data-testid="AccountCircleIcon"
            focusable="false"
            viewBox="0 0 24 24"
          >
            <path
              d="M12 2C6.48 2 2 6.48 2 12s4.48 10 10 10 10-4.48 10-10S17.52 2 12 2zm0 3c1.66 0 3 1.34 3 3s-1.34 3-3 3-3-1.34-3-3 1.34-3 3-3zm0 14.2c-2.5 0-4.71-1.28-6-3.22.03-1.99 4-3.08 6-3.08 1.99 0 5.97 1.09 6 3.08-1.29 1.94-3.5 3.22-6 3.22z"
            />
          </svg>
          <span
            className="MuiChip-label"
          />
        </div>
      </div>
      <div
        className="MuiGrid-root MuiGrid-item MuiGrid-grid-lg-12"
      >
        <div
          className="MuiFormControl-root MuiTextField-root MuiFormControl-fullWidth"
          style={
            Object {
              "fontSize": "2rem",
            }
          }
        >
          <label
            className="MuiFormLabel-root MuiInputLabel-root MuiInputLabel-formControl MuiInputLabel-animated MuiInputLabel-outlined Mui-required Mui-required"
            data-shrink={false}
            htmlFor="user-password"
            id="user-password-label"
          >
            Enter Your Password
            <span
              aria-hidden={true}
              className="MuiFormLabel-asterisk MuiInputLabel-asterisk"
            >
               
              *
            </span>
          </label>
          <div
            className="MuiInputBase-root MuiOutlinedInput-root MuiInputBase-fullWidth MuiInputBase-formControl MuiInputBase-adornedEnd MuiOutlinedInput-adornedEnd"
            onClick={[Function]}
          >
            <input
              aria-invalid={false}
              autoFocus={false}
              className="MuiInputBase-input MuiOutlinedInput-input MuiInputBase-inputAdornedEnd MuiOutlinedInput-inputAdornedEnd"
              disabled={false}
              id="user-password"
              onAnimationStart={[Function]}
              onBlur={[Function]}
              onChange={[Function]}
              onFocus={[Function]}
              required={true}
              type="password"
            />
            <div
              className="MuiInputAdornment-root MuiInputAdornment-positionEnd"
            >
              <button
                aria-label="toggle password visibility"
                className="MuiButtonBase-root MuiIconButton-root MuiIconButton-edgeEnd"
                disabled={false}
                onBlur={[Function]}
                onClick={[Function]}
                onDragLeave={[Function]}
                onFocus={[Function]}
                onKeyDown={[Function]}
                onKeyUp={[Function]}
                onMouseDown={[Function]}
                onMouseLeave={[Function]}
                onMouseUp={[Function]}
                onTouchEnd={[Function]}
                onTouchMove={[Function]}
                onTouchStart={[Function]}
                tabIndex={0}
                type="button"
              >
                <span
                  className="MuiIconButton-label"
                >
                  <svg
                    aria-hidden={true}
                    className="MuiSvgIcon-root MuiSvgIcon-fontSizeMedium css-i4bv87-MuiSvgIcon-root"
                    data-testid="VisibilityIcon"
                    focusable="false"
                    viewBox="0 0 24 24"
                  >
                    <path
                      d="M12 4.5C7 4.5 2.73 7.61 1 12c1.73 4.39 6 7.5 11 7.5s9.27-3.11 11-7.5c-1.73-4.39-6-7.5-11-7.5zM12 17c-2.76 0-5-2.24-5-5s2.24-5 5-5 5 2.24 5 5-2.24 5-5 5zm0-8c-1.66 0-3 1.34-3 3s1.34 3 3 3 3-1.34 3-3-1.34-3-3-3z"
                    />
                  </svg>
                </span>
              </button>
            </div>
            <fieldset
              aria-hidden={true}
              className="PrivateNotchedOutline-root-3 MuiOutlinedInput-notchedOutline"
            >
              <legend
                className="PrivateNotchedOutline-legendLabelled-5"
              >
                <span>
                  Enter Your Password
                   *
                </span>
              </legend>
            </fieldset>
          </div>
          
        </div>
      </div>
      <div
        className="MuiGrid-root MuiGrid-container MuiGrid-item MuiGrid-justify-content-xs-space-between MuiGrid-grid-lg-12"
      >
        <div
          className="MuiGrid-root MuiGrid-item MuiGrid-grid-sm-12 MuiGrid-grid-md-4"
        >
          <button
            className="MuiButtonBase-root MuiButton-root MuiButton-text css-15ea7oo"
            disabled={false}
            onBlur={[Function]}
            onClick={[Function]}
            onDragLeave={[Function]}
            onFocus={[Function]}
            onKeyDown={[Function]}
            onKeyUp={[Function]}
            onMouseDown={[Function]}
            onMouseLeave={[Function]}
            onMouseUp={[Function]}
            onTouchEnd={[Function]}
            onTouchMove={[Function]}
            onTouchStart={[Function]}
            tabIndex={0}
            type="button"
          >
            <span
              className="MuiButton-label"
            >
              Forgot Password?
            </span>
          </button>
        </div>
        <div
          className="MuiGrid-root MuiGrid-item MuiGrid-grid-sm-12 MuiGrid-grid-md-4"
        >
          <button
            className="MuiButtonBase-root MuiButton-root MuiButton-text css-1qox269"
            disabled={false}
            onBlur={[Function]}
            onDragLeave={[Function]}
            onFocus={[Function]}
            onKeyDown={[Function]}
            onKeyUp={[Function]}
            onMouseDown={[Function]}
            onMouseLeave={[Function]}
            onMouseUp={[Function]}
            onTouchEnd={[Function]}
            onTouchMove={[Function]}
            onTouchStart={[Function]}
            tabIndex={0}
            type="submit"
          >
            <span
              className="MuiButton-label"
            >
              Login
            </span>
          </button>
        </div>
      </div>
    </div>
  </form>
</div>
`;
